0.351404 104
0.000757 136
0.002933 117
0.001000 85
0.000019 8
0.423987 122
13.856628 1
0.008422 3
2.677217 1
0.343781 1
0.337293 1
2.336561 1
4.910973 1
0.295683 1
0.327563 1
1.600459 1
0.280297 1
0.431858 1
2.247442 1
1.039974 1
0.191979 1
1.256260 1
1.195622 1
0.197990 1
1.646802 1
1.528084 7
0.000030 11
0.000613 41
0.044517 1244
0.002228 104
0.001051 136
0.004032 117
0.001056 121
0.000156 7
0.000110 8
100.674617 1
0.247730 3
0.167625 1
0.960616 1
0.471215 1
3.097185 1
0.238596 1
2.592183 1
0.209155 1
0.198817 1
0.374883 1
2.714338 1
0.216150 1
0.390692 1
4.984061 1
0.498831 1
0.420729 1
2.272684 1
1.177927 1
0.173852 1
4.847609 1
0.271956 1
0.720797 1
1.967485 1
0.697909 1
0.310880 1
0.335664 1
2.623735 1
2.040243 1
1.319736 6
3.776056 1
0.271914 3
0.351909 1
0.504538 1
0.455171 1
0.306550 1
0.211399 1
0.354358 1
1.905652 1
0.863329 1
0.399559 1
1.457893 1
0.893805 1
0.184088 1
1.392037 1
0.287489 1
0.837492 1
0.202678 1
0.243439 1
1.828567 1
0.231501 1
0.432470 1
0.903850 1
1.537468 1
2.648438 18
0.000528 76
0.032737 27
4.204622 2
0.090370 82
0.028500 86
0.035296 187
0.004799 120
0.002213 66
0.002350 98
54.713624 121
2.027610 120
2.031433 121
2.035814 121
2.035042 121
2.034761 139
2.038418 139
2.035675 139
2.036522 139
2.041293 139
2.041465 139
2.007535 139
2.006145 139
2.015040 139
2.020402 139
2.025264 139
2.029585 139
2.027678 139
2.031459 139
2.033393 139
2.035056 139
2.035700 139
0.394131 2
0.002918 76
0.005074 104
0.000941 136
0.002995 117
0.000911 118
0.000090 3
0.000142 7
0.000099 8
2.994818 1
0.368548 3
0.599219 1
2.720019 1
1.024032 7
0.000037 11
0.000513 18
